   Γû▓ Next.js 16.0.10 (Turbopack)
   - Environments: .env.local

node.exe : 
At D:\Program 
Files\nodejs\npx.ps1:29 char:3
+   & $NODE_EXE $NPX_CLI_JS $args
+   ~~~~~~~~~~~~~~~~~~~~~~~~~~~~~
    + CategoryInfo          : NotSp 
   ecified: (:String) [], RemoteEx  
  ception
    + FullyQualifiedErrorId : Nativ 
   eCommandError
 
> Build error occurred
Error: Both middleware file 
"./middleware.ts" and proxy file 
"./proxy.ts" are detected. Please 
use "./proxy.ts" only. Learn more: h
ttps://nextjs.org/docs/messages/midd
leware-to-proxy
    at ignore-listed frames
